// Jest Snapshot v1, https://goo.gl/fbAQLP

exports[`Footer should match snapshot 1`] = `
<div
  className="Footer"
>
  <div
    className="Footer__logo logo"
  />
</div>
`;
